kubectl env-diff   staging/web -> prod-au/web

SUMMARY   12 resources - 9 identical - 2 drifted - 1 missing

DRIFT  ConfigMap/app-config
  data.KAFKA_BROKERS                  (missing) -> b-1.msk.internal:9092

DRIFT  Deployment/checkout
  container[checkout].env.FEATURE_F…  (missing) -> true
  container[checkout].env.DB_PASSWO…  <redacted> -> <redacted, differs>
  container[checkout].env.LOG_LEVEL   debug -> info
  container[checkout].resources.lim…  4Gi -> 512Mi

MISSING IN prod-au/web
  Deployment/notifier

1 expected difference hidden (image tag, replicas) - --show-expected to display

